absl-py==1.0.0
argon2-cffi==21.3.0
argon2-cffi-bindings==21.2.0
async-generator==1.10
attrs==21.4.0
backcall==0.2.0
bleach==4.1.0
cachetools==4.2.4
certifi==2021.10.8
cffi==1.15.0
charset-normalizer==2.0.12
cycler==0.11.0
dataclasses==0.8
decorator==5.1.1
defusedxml==0.7.1
easydict==1.9
entrypoints==0.4
flatbuffers==2.0
google-auth==2.6.5
google-auth-oauthlib==0.4.6
grpcio==1.45.0
idna==3.3
imageio==2.15.0
importlib-metadata==4.8.3
importlib-resources==5.4.0
ipykernel==5.5.6
ipython==7.16.3
ipython-genutils==0.2.0
ipywidgets==7.7.0
jedi==0.17.2
Jinja2==3.0.3
joblib==1.1.0
jsonschema==4.0.0
jupyter==1.0.0
jupyter-client==7.1.2
jupyter-console==6.4.3
jupyter-core==4.9.2
jupyterlab-pygments==0.1.2
jupyterlab-widgets==1.1.0
kiwisolver==1.3.1
Markdown==3.3.6
MarkupSafe==2.0.1
matplotlib==3.3.4
mistune==0.8.4
nbclient==0.5.9
nbconvert==6.0.7
nbformat==5.1.3
nest-asyncio==1.5.5
netron==5.7.1
notebook==6.4.10
numpy==1.19.5
oauthlib==3.2.0
onnx==1.7.0
onnxruntime==1.10.0
opencv-python==4.5.5.64
packaging==21.3
pandas==1.1.5
pandocfilters==1.5.0
parso==0.7.1
pexpect==4.8.0
pickleshare==0.7.5
Pillow==8.4.0
prometheus-client==0.14.1
prompt-toolkit==3.0.29
protobuf==3.19.4
psutil==5.9.0
ptyprocess==0.7.0
pyasn1==0.4.8
pyasn1-modules==0.2.8
pycparser==2.21
Pygments==2.11.2
pyparsing==3.0.8
pyrsistent==0.18.0
python-dateutil==2.8.2
pytz==2022.1
pyzmq==22.3.0
qtconsole==5.2.2
QtPy==2.0.1
requests==2.27.1
requests-oauthlib==1.3.1
rsa==4.8
scikit-learn==0.24.2
scipy==1.5.4
Send2Trash==1.8.0
six==1.16.0
sklearn==0.0
tensorboard==2.8.0
tensorboard-data-server==0.6.1
tensorboard-plugin-wit==1.8.1
tensorboardX==2.5
terminado==0.13.0
testpath==0.6.0
threadpoolctl==3.1.0
torch==1.9.1
torch-tb-profiler==0.4.0
torchsummary==1.5.1
torchvision==0.10.1
tornado==6.1
tqdm==4.64.0
traitlets==4.3.3
typed-ast==1.5.3
typing_extensions==4.1.1
urllib3==1.26.9
wcwidth==0.2.5
webencodings==0.5.1
Werkzeug==2.0.3
widgetsnbextension==3.6.0
zipp==3.6.0
